
> infected-voices-mobile@0.7.0 build:browser
> node scripts/build-browser.mjs

Generated Apple and Android store artwork.

added 36 packages, and audited 37 packages in 11s

9 packages are looking for funding
  run `npm fund` for details

found 0 vulnerabilities

> infected-voices-studio@0.7.0 build:cap
> tsc -b && vite build --outDir ../.vocal-lab --emptyOutDir

[36mvite v8.3.0 [32mbuilding client environment for production...[36m[39m
transforming...
✓ 976 modules transformed.
rendering chunks...
computing gzip size...
../.vocal-lab/index.html                   0.80 kB │ gzip:   0.44 kB
../.vocal-lab/assets/index-Bm_6iwL5.css   17.16 kB │ gzip:   3.84 kB
../.vocal-lab/assets/index-DCbnVOUv.js   726.48 kB │ gzip: 215.76 kB

[32m✓ built in 1.69s[39m
[33m[plugin builtin:vite-reporter] 
(!) Some chunks are larger than 500 kB after minification. Consider:
- Using dynamic import() to code-split the application
- Use build.rolldownOptions.output.codeSplitting to improve chunking: https://rolldown.rs/reference/OutputOptions.codeSplitting
- Adjust chunk size limit for this warning via build.chunkSizeWarningLimit.[39m
Prepared Infected Voices Core 5 mobile web payload in dist/

added 36 packages, and audited 37 packages in 10s

9 packages are looking for funding
  run `npm fund` for details

found 0 vulnerabilities

> infected-voices-studio@0.7.0 build:host
> tsc -b && vite build --outDir ../.browser-studio --emptyOutDir

[36mvite v8.3.0 [32mbuilding client environment for production...[36m[39m
transforming...
✓ 976 modules transformed.
rendering chunks...
computing gzip size...
../.browser-studio/index.html                   0.80 kB │ gzip:   0.44 kB
../.browser-studio/assets/index-Bm_6iwL5.css   17.16 kB │ gzip:   3.84 kB
../.browser-studio/assets/index-DCbnVOUv.js   726.48 kB │ gzip: 215.76 kB

[32m✓ built in 1.54s[39m
[33m[plugin builtin:vite-reporter] 
(!) Some chunks are larger than 500 kB after minification. Consider:
- Using dynamic import() to code-split the application
- Use build.rolldownOptions.output.codeSplitting to improve chunking: https://rolldown.rs/reference/OutputOptions.codeSplitting
- Adjust chunk size limit for this warning via build.chunkSizeWarningLimit.[39m
Prepared Infected Voices browser payload in browser-dist/
