✔ continuous pitch chooses the nearest permitted note rather than a rounded pitch class (1.6218ms)
✔ pitch snapping handles octave boundaries and rejects non-finite input (0.2871ms)
✔ YIN rejects silent, DC, corrupt and undersized frames (1.7968ms)
✔ YIN accuracy at 22050 Hz (13.5895ms)
✔ YIN accuracy at 44100 Hz (10.7392ms)
✔ YIN accuracy at 48000 Hz (9.1067ms)
✔ YIN accuracy at 96000 Hz (12.8892ms)
✔ all correction blend sites permit zero and reject non-finite controls (0.6897ms)
✔ offline processing preserves partial tails and dry takes; workers have cleanup guards (0.3493ms)
✔ scale snap holds a concert A in A major (0.9523ms)
✔ scale snap pulls A# toward the A major collection (0.4229ms)
✔ pocket assist stays inside ±80 ms (1.8228ms)
✔ A–B key estimate hears a concert A (3.8601ms)
✔ published v0.4.0 artifact is the Release source zipball (5.9427ms)
✔ project lab bar loop is 4/4 at the session bpm (0.9111ms)
ℹ tests 15
ℹ suites 0
ℹ pass 15
ℹ fail 0
ℹ cancelled 0
ℹ skipped 0
ℹ todo 0
ℹ duration_ms 170.0277
